05-14-2026 16:14:35.392,-,SERIAL,"COM3 - 115200/8/N/1/N"

05-14-2026 14:58:55.182,0,SENT,41540D
05-14-2026 14:58:55.265,1,RECV,41540D0D0A4F4B0D0A
05-14-2026 14:58:57.708,2,SENT,415445300D
05-14-2026 14:58:57.742,3,RECV,415445300D0D0A4F4B0D0A
05-14-2026 14:58:59.500,4,SENT,41542B4350494E3F0D
05-14-2026 14:58:59.586,5,RECV,0D0A2B4350494E3A2052454144590D0A0D0A4F4B0D0A
05-14-2026 14:59:03.117,6,SENT,41542B435245473F0D
05-14-2026 14:59:03.143,7,RECV,0D0A2B435245473A20302C310D0A0D0A4F4B0D0A
05-14-2026 14:59:04.940,8,SENT,41542B43475245473F0D
05-14-2026 14:59:04.991,9,RECV,0D0A2B43475245473A20302C310D0A0D0A4F4B0D0A
05-14-2026 14:59:07.388,10,SENT,41542B4353510D
05-14-2026 14:59:07.457,11,RECV,0D0A2B4353513A2032382C39390D0A0D0A4F4B0D0A
05-14-2026 14:59:10.082,12,SENT,41542B5149435347503D312C312C2261697274656C677072732E636F6D220D
05-14-2026 14:59:10.123,13,RECV,0D0A4F4B0D0A
05-14-2026 14:59:13.085,14,SENT,41542B51494143543D310D
05-14-2026 14:59:13.163,15,RECV,0D0A4F4B0D0A
05-14-2026 14:59:15.234,16,SENT,41542B51494143543F0D
05-14-2026 14:59:15.261,17,RECV,0D0A2B51494143543A20312C312C31
05-14-2026 14:59:15.324,18,RECV,2C223130302E37362E3233392E313632220D0A0D0A4F4B0D0A
05-14-2026 15:00:09.225,19,SENT,41542B5153534C4346473D227365636C6576656C222C302C300D
05-14-2026 15:00:09.304,20,RECV,0D0A4F4B0D0A
05-14-2026 15:00:15.323,21,SENT,41542B51485454504346473D22636F6E746578746964222C310D
05-14-2026 15:00:15.381,22,RECV,0D0A4F4B0D0A
05-14-2026 15:00:17.755,23,SENT,41542B51485454504346473D22636F6E74656E7474797065222C320D
05-14-2026 15:00:17.793,24,RECV,0D0A4F4B0D0A
05-14-2026 15:00:20.661,25,SENT,41542B51485454504346473D2272657175657374686561646572222C300D
05-14-2026 15:00:20.706,26,RECV,0D0A4F4B0D0A
05-14-2026 15:00:23.083,27,SENT,41542B51485454504346473D22726573706F6E7365686561646572222C300D
05-14-2026 15:00:23.111,28,RECV,0D0A4F4B0D0A
05-14-2026 15:00:25.500,29,SENT,41542B514854545055524C3D34312C38300D
05-14-2026 15:00:25.525,30,RECV,0D0A434F4E4E4543540D0A
05-14-2026 15:00:27.845,31,SENT,68747470733A2F2F6170692E7468696E67737065616B2E636F6D2F7570646174652E6A736F6E
05-14-2026 15:00:34.882,32,SENT,41542B5148545450504F53543D35342C38302C38300D
05-14-2026 15:00:34.975,33,RECV,0D0A4F4B0D0A
05-14-2026 15:00:37.723,34,SENT,7B226170695F6B6579223A224C435346354F46335343515A4F503655222C226669656C6431223A33302C226669656C6432223A36307D
05-14-2026 15:02:39.236,35,SENT,7B226170695F6B6579223A224C435346354F46335343515A4F503655222C226669656C6431223A33302C226669656C6432223A36307D
05-14-2026 15:02:57.467,36,SENT,41542B5148545450504F53543D35342C38302C38300D
05-14-2026 15:02:59.840,37,RECV,0D0A434F4E4E4543540D0A
05-14-2026 15:03:04.467,38,SENT,7B226170695F6B6579223A224C435346354F46335343515A4F503655222C226669656C6431223A33302C226669656C6432223A36307D
05-14-2026 15:03:04.517,39,RECV,0D0A4F4B0D0A
05-14-2026 15:03:05.084,40,RECV,0D0A2B5148545450504F53543A20302C3430302C310D0A
05-14-2026 15:03:41.882,41,SENT,41542B5148545450504F53543D35342C38302C38300D
05-14-2026 15:03:43.080,42,RECV,0D0A434F4E4E4543540D0A
05-14-2026 15:03:45.188,43,SENT,7B226170695F6B6579223A224C435346354F46335343515A4F503655222C226669656C6431223A33302C226669656C6432223A36307D
05-14-2026 15:03:45.238,44,RECV,0D0A4F4B0D0A
05-14-2026 15:03:45.747,45,RECV,0D0A2B5148545450504F53543A20302C3430302C310D0A
05-14-2026 15:05:00.132,46,SENT,41542B514854545055524C3D33372C38300D
05-14-2026 15:05:00.157,47,RECV,0D0A434F4E4E4543540D0A
05-14-2026 15:05:03.563,48,SENT,687474703A2F2F6170692E7468696E67737065616B2E636F6D2F7570646174652E6A736F6E0D
05-14-2026 15:05:03.624,49,RECV,0D0A4F4B0D0A
05-14-2026 15:05:08.695,50,SENT,41542B5148545450504F53543D35342C38302C38300D
05-14-2026 15:05:09.222,51,RECV,0D0A434F4E4E4543540D0A
05-14-2026 15:05:12.600,52,SENT,7B226170695F6B6579223A224C435346354F46335343515A4F503655222C226669656C6431223A33302C226669656C6432223A36307D
05-14-2026 15:05:12.645,53,RECV,0D0A4F4B0D0A
05-14-2026 15:05:13.208,54,RECV,0D0A2B5148545450504F53543A20302C3430302C310D0A
05-14-2026 15:06:35.700,55,SENT,41542B5148545450504F53543D35342C38302C38300D
05-14-2026 15:06:36.791,56,RECV,0D0A434F4E4E4543540D0A
05-14-2026 15:06:39.295,57,SENT,7B226170695F6B6579223A224C435346354F46335343515A4F503655222C226669656C6431223A33302C226669656C6432223A36307D0D
05-14-2026 15:06:39.376,58,RECV,0D0A4F4B0D0A
05-14-2026 15:06:40.096,59,RECV,0D0A2B5148545450504F53543A20302C3430302C310D0A
05-14-2026 15:15:01.345,60,RECV,00
05-14-2026 15:15:08.498,61,RECV,0D0A5244590D0A
05-14-2026 15:15:15.513,62,SENT,41540D
05-14-2026 15:15:15.595,63,RECV,41540D0D0A4F4B0D0A
05-14-2026 15:15:18.182,64,SENT,415445300D
05-14-2026 15:15:18.256,65,RECV,415445300D0D0A4F4B0D0A
05-14-2026 15:15:20.432,66,SENT,41542B4350494E3F0D
05-14-2026 15:15:20.466,67,RECV,0D0A2B4350494E3A2052454144590D0A0D0A4F4B0D0A
05-14-2026 15:15:22.719,68,SENT,41542B435245473F0D
05-14-2026 15:15:22.745,69,RECV,0D0A2B435245473A20302C310D0A0D0A4F4B0D0A
05-14-2026 15:15:24.705,70,SENT,41542B43475245473F0D
05-14-2026 15:15:24.765,71,RECV,0D0A2B43475245473A20302C310D0A0D0A4F4B0D0A
05-14-2026 15:15:27.250,72,SENT,41542B4353510D
05-14-2026 15:15:27.306,73,RECV,0D0A2B4353513A2032382C39390D0A0D0A4F4B0D0A
05-14-2026 15:15:29.257,74,SENT,41542B5149435347503D312C312C2261697274656C677072732E636F6D220D
05-14-2026 15:15:29.331,75,RECV,0D0A4F4B0D0A
05-14-2026 15:15:31.769,76,SENT,41542B51494143543D310D
05-14-2026 15:15:31.800,77,RECV,0D0A4F4B0D0A
05-14-2026 15:15:33.417,78,SENT,41542B51494143543F0D
05-14-2026 15:15:33.447,79,RECV,0D0A2B51494143543A20312C312C312C223130302E38322E3234332E3233220D0A0D0A4F4B0D0A
05-14-2026 15:15:42.073,80,SENT,41542B5153534C4346473D227365636C6576656C222C302C300D
05-14-2026 15:15:42.145,81,RECV,0D0A4F4B0D0A
05-14-2026 15:15:46.218,82,SENT,41542B5153534C4346473D2273736C76657273696F6E222C302C340D
05-14-2026 15:15:46.265,83,RECV,0D0A4F4B0D0A
05-14-2026 15:15:51.417,84,SENT,41542B51485454504346473D22636F6E746578746964222C310D
05-14-2026 15:15:51.459,85,RECV,0D0A4F4B0D0A
05-14-2026 15:15:56.657,86,SENT,41542B51485454504346473D2272657175657374686561646572222C300D
05-14-2026 15:15:56.725,87,RECV,0D0A4F4B0D0A
05-14-2026 15:15:58.713,88,SENT,41542B51485454504346473D22726573706F6E7365686561646572222C300D
05-14-2026 15:15:58.752,89,RECV,0D0A4F4B0D0A
05-14-2026 15:16:06.722,90,SENT,41542B51485454504346473D22636F6E74656E7474797065222C300D0D
05-14-2026 15:16:06.747,91,RECV,0D0A4F4B0D0A
05-14-2026 15:18:04.088,92,SENT,41542B514854545055524C3D33382C38300D
05-14-2026 15:18:04.149,93,RECV,0D0A434F4E4E4543540D0A
05-14-2026 15:18:07.569,94,SENT,68747470733A2F2F6170692E7468696E67737065616B2E636F6D2F7570646174652E6A736F6E0D
05-14-2026 15:18:07.637,95,RECV,0D0A4F4B0D0A
05-14-2026 15:18:11.104,96,SENT,41542B5148545450504F53543D34342C38302C38300D
05-14-2026 15:18:13.535,97,RECV,0D0A434F4E4E4543540D0A
05-14-2026 15:18:15.233,98,SENT,6170695F6B65793D4C435346354F46335343515A4F503655266669656C64313D3235266669656C64323D35300D
05-14-2026 15:18:15.310,99,RECV,0D0A4F4B0D0A
05-14-2026 15:18:16.007,100,RECV,0D0A2B5148545450504F53543A20302C3230300D0A
05-14-2026 16:13:00.340,101,SENT,41542B5148545450504F53543D34342C38302C38300D
05-14-2026 16:13:02.627,102,RECV,0D0A434F4E4E4543540D0A
05-14-2026 16:13:03.961,103,SENT,6170695F6B65793D4C435346354F46335343515A4F503655266669656C64313D3238266669656C64323D35320D
05-14-2026 16:13:04.019,104,RECV,0D0A4F4B0D0A
05-14-2026 16:13:04.653,105,RECV,0D0A2B5148545450504F53543A20302C3230300D0A
